// Jest Snapshot v1, https://goo.gl/fbAQLP

exports[`App Will render 1`] = `[Function]`;
